2026-05-28 19:40:49,728 - INFO - api_client.py - 【接口请求】post | URL: http://127.0.0.1:5000/login
2026-05-28 19:40:49,728 - INFO - api_client.py - 【请求参数】params: None | data: None | json: {'username': 'test_0006', 'password': '123456'}
2026-05-28 19:40:49,728 - INFO - api_client.py - 【请求头】headers: {'sessionToken': ''}
2026-05-28 19:40:49,765 - INFO - api_client.py - 【接口响应】状态码: 200 | 响应体: {'code': 200, 'data': {'token': 'eyJhbGciOiJIUzI1NiIsInR5cCI6IkpXVCJ9.eyJ1c2VybmFtZSI6InRlc3RfMDAwNiIsImV4cCI6MTc4MDU3MzI0OSwiaWF0IjoxNzc5OTY4NDQ5fQ.EL_K4skq6MzY0ztPlB-Cnh-GLSZLzjGack8JjGfinzU', 'user_id': 1, 'username': 'test_0006'}, 'msg': '登录成功'}
2026-05-28 19:40:50,282 - INFO - api_client.py - 【接口请求】post | URL: http://127.0.0.1:5000/login
2026-05-28 19:40:50,282 - INFO - api_client.py - 【请求参数】params: None | data: None | json: {'username': 'test_0007', 'password': '123456'}
2026-05-28 19:40:50,282 - INFO - api_client.py - 【请求头】headers: {'sessionToken': ''}
2026-05-28 19:40:50,287 - INFO - api_client.py - 【接口响应】状态码: 200 | 响应体: {'code': 200, 'data': {'token': 'eyJhbGciOiJIUzI1NiIsInR5cCI6IkpXVCJ9.eyJ1c2VybmFtZSI6InRlc3RfMDAwNyIsImV4cCI6MTc4MDU3MzI1MCwiaWF0IjoxNzc5OTY4NDUwfQ.Jvko5m62y7CskGAmGD88r1zPbhhbKrzTDpiw9F3vYO8', 'user_id': 2, 'username': 'test_0007'}, 'msg': '登录成功'}
2026-05-28 19:40:50,355 - INFO - api_client.py - 【接口请求】post | URL: http://127.0.0.1:5000/login
2026-05-28 19:40:50,356 - INFO - api_client.py - 【请求参数】params: None | data: None | json: {'username': 'test_0008', 'password': '123456'}
2026-05-28 19:40:50,356 - INFO - api_client.py - 【请求头】headers: {'sessionToken': ''}
2026-05-28 19:40:50,361 - INFO - api_client.py - 【接口响应】状态码: 200 | 响应体: {'code': 200, 'data': {'token': 'eyJhbGciOiJIUzI1NiIsInR5cCI6IkpXVCJ9.eyJ1c2VybmFtZSI6InRlc3RfMDAwOCIsImV4cCI6MTc4MDU3MzI1MCwiaWF0IjoxNzc5OTY4NDUwfQ.sgNDTZ671SdPfZMPuqH4ohnvB6cjNtemLdVCWQgKUcY', 'user_id': 3, 'username': 'test_0008'}, 'msg': '登录成功'}
2026-05-28 19:40:50,429 - INFO - api_client.py - 【接口请求】post | URL: http://127.0.0.1:5000/login
2026-05-28 19:40:50,429 - INFO - api_client.py - 【请求参数】params: None | data: None | json: {'username': 'test_0009', 'password': '123456'}
2026-05-28 19:40:50,429 - INFO - api_client.py - 【请求头】headers: {'sessionToken': ''}
2026-05-28 19:40:50,435 - INFO - api_client.py - 【接口响应】状态码: 200 | 响应体: {'code': 200, 'data': {'token': 'eyJhbGciOiJIUzI1NiIsInR5cCI6IkpXVCJ9.eyJ1c2VybmFtZSI6InRlc3RfMDAwOSIsImV4cCI6MTc4MDU3MzI1MCwiaWF0IjoxNzc5OTY4NDUwfQ.6COtc5gOSqrsCfFylF-W8G7zEAfUpajLgIjjav9IQm4', 'user_id': 4, 'username': 'test_0009'}, 'msg': '登录成功'}
2026-05-28 19:40:50,508 - INFO - api_client.py - 【接口请求】post | URL: http://127.0.0.1:5000/login
2026-05-28 19:40:50,509 - INFO - api_client.py - 【请求参数】params: None | data: None | json: {'username': 'test_0010', 'password': '123456'}
2026-05-28 19:40:50,509 - INFO - api_client.py - 【请求头】headers: {'sessionToken': ''}
2026-05-28 19:40:50,516 - INFO - api_client.py - 【接口响应】状态码: 200 | 响应体: {'code': 200, 'data': {'token': 'eyJhbGciOiJIUzI1NiIsInR5cCI6IkpXVCJ9.eyJ1c2VybmFtZSI6InRlc3RfMDAxMCIsImV4cCI6MTc4MDU3MzI1MCwiaWF0IjoxNzc5OTY4NDUwfQ.pZnFrHK7vdPGKqrPv7_Q8VU8G3EuRsyLn1pWN1vyWaY', 'user_id': 5, 'username': 'test_0010'}, 'msg': '登录成功'}
2026-05-28 19:40:50,590 - INFO - api_client.py - 【接口请求】post | URL: http://127.0.0.1:5000/login
2026-05-28 19:40:50,590 - INFO - api_client.py - 【请求参数】params: None | data: None | json: {'username': 'test_0006', 'password': '123456'}
2026-05-28 19:40:50,590 - INFO - api_client.py - 【请求头】headers: {'sessionToken': 'eyJhbGciOiJIUzI1NiIsInR5cCI6IkpXVCJ9.eyJ1c2VybmFtZSI6InRlc3RfMDAwNiIsImV4cCI6MTc4MDU3MzI0OSwiaWF0IjoxNzc5OTY4NDQ5fQ.EL_K4skq6MzY0ztPlB-Cnh-GLSZLzjGack8JjGfinzU'}
2026-05-28 19:40:50,596 - INFO - api_client.py - 【接口响应】状态码: 200 | 响应体: {'code': 200, 'data': {'token': 'eyJhbGciOiJIUzI1NiIsInR5cCI6IkpXVCJ9.eyJ1c2VybmFtZSI6InRlc3RfMDAwNiIsImV4cCI6MTc4MDU3MzI1MCwiaWF0IjoxNzc5OTY4NDUwfQ.z2xaNcWZbuvThaXjejoADbYP2x8xnwEJFv66UxhtzjM', 'user_id': 1, 'username': 'test_0006'}, 'msg': '登录成功'}
2026-05-28 19:40:50,666 - INFO - api_client.py - 【接口请求】post | URL: http://127.0.0.1:5000/login
2026-05-28 19:40:50,666 - INFO - api_client.py - 【请求参数】params: None | data: None | json: {'username': 'test_0007', 'password': '123456'}
2026-05-28 19:40:50,666 - INFO - api_client.py - 【请求头】headers: {'sessionToken': 'eyJhbGciOiJIUzI1NiIsInR5cCI6IkpXVCJ9.eyJ1c2VybmFtZSI6InRlc3RfMDAwNyIsImV4cCI6MTc4MDU3MzI1MCwiaWF0IjoxNzc5OTY4NDUwfQ.Jvko5m62y7CskGAmGD88r1zPbhhbKrzTDpiw9F3vYO8'}
2026-05-28 19:40:50,673 - INFO - api_client.py - 【接口响应】状态码: 200 | 响应体: {'code': 200, 'data': {'token': 'eyJhbGciOiJIUzI1NiIsInR5cCI6IkpXVCJ9.eyJ1c2VybmFtZSI6InRlc3RfMDAwNyIsImV4cCI6MTc4MDU3MzI1MCwiaWF0IjoxNzc5OTY4NDUwfQ.Jvko5m62y7CskGAmGD88r1zPbhhbKrzTDpiw9F3vYO8', 'user_id': 2, 'username': 'test_0007'}, 'msg': '登录成功'}
2026-05-28 19:40:50,750 - INFO - api_client.py - 【接口请求】post | URL: http://127.0.0.1:5000/login
2026-05-28 19:40:50,751 - INFO - api_client.py - 【请求参数】params: None | data: None | json: {'username': 'test_0008', 'password': '123456'}
2026-05-28 19:40:50,751 - INFO - api_client.py - 【请求头】headers: {'sessionToken': 'eyJhbGciOiJIUzI1NiIsInR5cCI6IkpXVCJ9.eyJ1c2VybmFtZSI6InRlc3RfMDAwOCIsImV4cCI6MTc4MDU3MzI1MCwiaWF0IjoxNzc5OTY4NDUwfQ.sgNDTZ671SdPfZMPuqH4ohnvB6cjNtemLdVCWQgKUcY'}
2026-05-28 19:40:50,778 - INFO - api_client.py - 【接口响应】状态码: 200 | 响应体: {'code': 200, 'data': {'token': 'eyJhbGciOiJIUzI1NiIsInR5cCI6IkpXVCJ9.eyJ1c2VybmFtZSI6InRlc3RfMDAwOCIsImV4cCI6MTc4MDU3MzI1MCwiaWF0IjoxNzc5OTY4NDUwfQ.sgNDTZ671SdPfZMPuqH4ohnvB6cjNtemLdVCWQgKUcY', 'user_id': 3, 'username': 'test_0008'}, 'msg': '登录成功'}
2026-05-28 19:40:50,849 - INFO - api_client.py - 【接口请求】post | URL: http://127.0.0.1:5000/login
2026-05-28 19:40:50,849 - INFO - api_client.py - 【请求参数】params: None | data: None | json: {'username': 'test_0006', 'password': 'wrong_password'}
2026-05-28 19:40:50,849 - INFO - api_client.py - 【请求头】headers: {'sessionToken': 'eyJhbGciOiJIUzI1NiIsInR5cCI6IkpXVCJ9.eyJ1c2VybmFtZSI6InRlc3RfMDAwNiIsImV4cCI6MTc4MDU3MzI1MCwiaWF0IjoxNzc5OTY4NDUwfQ.z2xaNcWZbuvThaXjejoADbYP2x8xnwEJFv66UxhtzjM'}
2026-05-28 19:40:50,873 - INFO - api_client.py - 【接口响应】状态码: 200 | 响应体: {'code': 401, 'error': '用户名或密码错误，或用户已被禁用'}
2026-05-28 19:40:50,916 - INFO - api_client.py - 【接口请求】post | URL: http://127.0.0.1:5000/login
2026-05-28 19:40:50,917 - INFO - api_client.py - 【请求参数】params: None | data: None | json: {'username': 'not_exist_user', 'password': '123456'}
2026-05-28 19:40:50,917 - INFO - api_client.py - 【请求头】headers: {'sessionToken': ''}
2026-05-28 19:40:50,936 - INFO - api_client.py - 【接口响应】状态码: 200 | 响应体: {'code': 401, 'error': '用户名或密码错误，或用户已被禁用'}
2026-05-28 19:40:50,972 - INFO - api_client.py - 【接口请求】get | URL: http://127.0.0.1:5000/1/classes/Goods
2026-05-28 19:40:50,972 - INFO - api_client.py - 【请求参数】params: None | data: None | json: None
2026-05-28 19:40:50,973 - INFO - api_client.py - 【请求头】headers: {'Accept': 'application/json'}
2026-05-28 19:40:50,976 - ERROR - api_client.py - 【接口请求失败，准备重试】异常信息: Expecting value: line 1 column 1 (char 0)
Traceback (most recent call last):
  File "E:\soft\1Test\python_data\pythonbasic\apistudy0718\venv\Lib\site-packages\requests\models.py", line 971, in json
    return complexjson.loads(self.text, **kwargs)
           ^^^^^^^^^^^^^^^^^^^^^^^^^^^^^^^^^^^^^^
  File "E:\soft\1Test\python\Lib\json\__init__.py", line 346, in loads
    return _default_decoder.decode(s)
           ^^^^^^^^^^^^^^^^^^^^^^^^^^
  File "E:\soft\1Test\python\Lib\json\decoder.py", line 337, in decode
    obj, end = self.raw_decode(s, idx=_w(s, 0).end())
               ^^^^^^^^^^^^^^^^^^^^^^^^^^^^^^^^^^^^^^
  File "E:\soft\1Test\python\Lib\json\decoder.py", line 355, in raw_decode
    raise JSONDecodeError("Expecting value", s, err.value) from None
json.decoder.JSONDecodeError: Expecting value: line 1 column 1 (char 0)

During handling of the above exception, another exception occurred:

Traceback (most recent call last):
  File "E:\soft\1Test\python_data\pythonbasic\aoipractice\common\api_client.py", line 81, in send
    logger.info(f"【接口响应】状态码: {self.resp.status_code} | 响应体: {self.resp.json()}")
                                                                         ^^^^^^^^^^^^^^^^
  File "E:\soft\1Test\python_data\pythonbasic\apistudy0718\venv\Lib\site-packages\requests\models.py", line 975, in json
    raise RequestsJSONDecodeError(e.msg, e.doc, e.pos)
requests.exceptions.JSONDecodeError: Expecting value: line 1 column 1 (char 0)
2026-05-28 19:40:52,979 - INFO - api_client.py - 【接口请求】get | URL: http://127.0.0.1:5000/1/classes/Goods
2026-05-28 19:40:52,979 - INFO - api_client.py - 【请求参数】params: None | data: None | json: None
2026-05-28 19:40:52,979 - INFO - api_client.py - 【请求头】headers: {'Accept': 'application/json'}
2026-05-28 19:40:53,001 - ERROR - api_client.py - 【接口请求失败，准备重试】异常信息: Expecting value: line 1 column 1 (char 0)
Traceback (most recent call last):
  File "E:\soft\1Test\python_data\pythonbasic\apistudy0718\venv\Lib\site-packages\requests\models.py", line 971, in json
    return complexjson.loads(self.text, **kwargs)
           ^^^^^^^^^^^^^^^^^^^^^^^^^^^^^^^^^^^^^^
  File "E:\soft\1Test\python\Lib\json\__init__.py", line 346, in loads
    return _default_decoder.decode(s)
           ^^^^^^^^^^^^^^^^^^^^^^^^^^
  File "E:\soft\1Test\python\Lib\json\decoder.py", line 337, in decode
    obj, end = self.raw_decode(s, idx=_w(s, 0).end())
               ^^^^^^^^^^^^^^^^^^^^^^^^^^^^^^^^^^^^^^
  File "E:\soft\1Test\python\Lib\json\decoder.py", line 355, in raw_decode
    raise JSONDecodeError("Expecting value", s, err.value) from None
json.decoder.JSONDecodeError: Expecting value: line 1 column 1 (char 0)

During handling of the above exception, another exception occurred:

Traceback (most recent call last):
  File "E:\soft\1Test\python_data\pythonbasic\aoipractice\common\api_client.py", line 81, in send
    logger.info(f"【接口响应】状态码: {self.resp.status_code} | 响应体: {self.resp.json()}")
                                                                         ^^^^^^^^^^^^^^^^
  File "E:\soft\1Test\python_data\pythonbasic\apistudy0718\venv\Lib\site-packages\requests\models.py", line 975, in json
    raise RequestsJSONDecodeError(e.msg, e.doc, e.pos)
requests.exceptions.JSONDecodeError: Expecting value: line 1 column 1 (char 0)
2026-05-28 19:40:55,003 - INFO - api_client.py - 【接口请求】get | URL: http://127.0.0.1:5000/1/classes/Goods
2026-05-28 19:40:55,003 - INFO - api_client.py - 【请求参数】params: None | data: None | json: None
2026-05-28 19:40:55,003 - INFO - api_client.py - 【请求头】headers: {'Accept': 'application/json'}
2026-05-28 19:40:55,030 - ERROR - api_client.py - 【接口请求失败，准备重试】异常信息: Expecting value: line 1 column 1 (char 0)
Traceback (most recent call last):
  File "E:\soft\1Test\python_data\pythonbasic\apistudy0718\venv\Lib\site-packages\requests\models.py", line 971, in json
    return complexjson.loads(self.text, **kwargs)
           ^^^^^^^^^^^^^^^^^^^^^^^^^^^^^^^^^^^^^^
  File "E:\soft\1Test\python\Lib\json\__init__.py", line 346, in loads
    return _default_decoder.decode(s)
           ^^^^^^^^^^^^^^^^^^^^^^^^^^
  File "E:\soft\1Test\python\Lib\json\decoder.py", line 337, in decode
    obj, end = self.raw_decode(s, idx=_w(s, 0).end())
               ^^^^^^^^^^^^^^^^^^^^^^^^^^^^^^^^^^^^^^
  File "E:\soft\1Test\python\Lib\json\decoder.py", line 355, in raw_decode
    raise JSONDecodeError("Expecting value", s, err.value) from None
json.decoder.JSONDecodeError: Expecting value: line 1 column 1 (char 0)

During handling of the above exception, another exception occurred:

Traceback (most recent call last):
  File "E:\soft\1Test\python_data\pythonbasic\aoipractice\common\api_client.py", line 81, in send
    logger.info(f"【接口响应】状态码: {self.resp.status_code} | 响应体: {self.resp.json()}")
                                                                         ^^^^^^^^^^^^^^^^
  File "E:\soft\1Test\python_data\pythonbasic\apistudy0718\venv\Lib\site-packages\requests\models.py", line 975, in json
    raise RequestsJSONDecodeError(e.msg, e.doc, e.pos)
requests.exceptions.JSONDecodeError: Expecting value: line 1 column 1 (char 0)
2026-05-28 19:40:55,106 - INFO - api_client.py - 【接口请求】post | URL: http://127.0.0.1:5000/register
2026-05-28 19:40:55,106 - INFO - api_client.py - 【请求参数】params: None | data: None | json: {'username': 'test_new_10091399', 'password': '123456'}
2026-05-28 19:40:55,106 - INFO - api_client.py - 【请求头】headers: {'Accept': 'application/json'}
2026-05-28 19:40:55,140 - INFO - api_client.py - 【接口响应】状态码: 200 | 响应体: {'code': 200, 'data': {'token': 'eyJhbGciOiJIUzI1NiIsInR5cCI6IkpXVCJ9.eyJ1c2VybmFtZSI6InRlc3RfbmV3XzEwMDkxMzk5IiwiZXhwIjoxNzgwNTczMjU1LCJpYXQiOjE3Nzk5Njg0NTV9.zjdc0bbZDA0EczGOapKSzkwgkjDIRXpHFLuaT76FoOg', 'username': 'test_new_10091399'}, 'msg': '注册成功'}
2026-05-28 19:40:55,279 - INFO - api_client.py - 【接口请求】post | URL: http://127.0.0.1:5000/register
2026-05-28 19:40:55,279 - INFO - api_client.py - 【请求参数】params: None | data: None | json: {'username': 'test_new_10091400', 'password': '123456'}
2026-05-28 19:40:55,279 - INFO - api_client.py - 【请求头】headers: {'Accept': 'application/json'}
2026-05-28 19:40:55,287 - INFO - api_client.py - 【接口响应】状态码: 200 | 响应体: {'code': 200, 'data': {'token': 'eyJhbGciOiJIUzI1NiIsInR5cCI6IkpXVCJ9.eyJ1c2VybmFtZSI6InRlc3RfbmV3XzEwMDkxNDAwIiwiZXhwIjoxNzgwNTczMjU1LCJpYXQiOjE3Nzk5Njg0NTV9.nvnbHNksDQzFaQBSzRYZJ6ummndl2TkXYo1PkAHBWUU', 'username': 'test_new_10091400'}, 'msg': '注册成功'}
2026-05-28 19:40:55,383 - INFO - api_client.py - 【接口请求】post | URL: http://127.0.0.1:5000/register
2026-05-28 19:40:55,384 - INFO - api_client.py - 【请求参数】params: None | data: None | json: {'username': 'test_new_10091401', 'password': '123456'}
2026-05-28 19:40:55,384 - INFO - api_client.py - 【请求头】headers: {'Accept': 'application/json'}
2026-05-28 19:40:55,405 - INFO - api_client.py - 【接口响应】状态码: 200 | 响应体: {'code': 200, 'data': {'token': 'eyJhbGciOiJIUzI1NiIsInR5cCI6IkpXVCJ9.eyJ1c2VybmFtZSI6InRlc3RfbmV3XzEwMDkxNDAxIiwiZXhwIjoxNzgwNTczMjU1LCJpYXQiOjE3Nzk5Njg0NTV9.cmTiLPYddNh9bZHaBAuNzjEoazj8KE_Y5l7NZ2gH1y8', 'username': 'test_new_10091401'}, 'msg': '注册成功'}
2026-05-28 19:40:55,483 - INFO - api_client.py - 【接口请求】post | URL: http://127.0.0.1:5000/register
2026-05-28 19:40:55,483 - INFO - api_client.py - 【请求参数】params: None | data: None | json: {'username': 'test_new_10091402', 'password': '123456'}
2026-05-28 19:40:55,483 - INFO - api_client.py - 【请求头】headers: {'Accept': 'application/json'}
2026-05-28 19:40:55,491 - INFO - api_client.py - 【接口响应】状态码: 200 | 响应体: {'code': 200, 'data': {'token': 'eyJhbGciOiJIUzI1NiIsInR5cCI6IkpXVCJ9.eyJ1c2VybmFtZSI6InRlc3RfbmV3XzEwMDkxNDAyIiwiZXhwIjoxNzgwNTczMjU1LCJpYXQiOjE3Nzk5Njg0NTV9.4P2jHnMLgYedI04Vlt4WiTo1GtZVfcbhfxGctcxLeBc', 'username': 'test_new_10091402'}, 'msg': '注册成功'}
2026-05-28 19:40:55,578 - INFO - api_client.py - 【接口请求】post | URL: http://127.0.0.1:5000/register
2026-05-28 19:40:55,578 - INFO - api_client.py - 【请求参数】params: None | data: None | json: {'username': 'test_new_10091403', 'password': '123456'}
2026-05-28 19:40:55,578 - INFO - api_client.py - 【请求头】headers: {'Accept': 'application/json'}
2026-05-28 19:40:55,586 - INFO - api_client.py - 【接口响应】状态码: 200 | 响应体: {'code': 200, 'data': {'token': 'eyJhbGciOiJIUzI1NiIsInR5cCI6IkpXVCJ9.eyJ1c2VybmFtZSI6InRlc3RfbmV3XzEwMDkxNDAzIiwiZXhwIjoxNzgwNTczMjU1LCJpYXQiOjE3Nzk5Njg0NTV9.S7gt3v6evqEOPn_Ds-gZRQ3uwnzKrxHZrO60EYwLPYE', 'username': 'test_new_10091403'}, 'msg': '注册成功'}
2026-05-28 19:40:55,661 - INFO - api_client.py - 【接口请求】post | URL: http://127.0.0.1:5000/register
2026-05-28 19:40:55,661 - INFO - api_client.py - 【请求参数】params: None | data: None | json: {'username': 'test_flow_20031', 'password': '123456'}
2026-05-28 19:40:55,661 - INFO - api_client.py - 【请求头】headers: None
2026-05-28 19:40:55,685 - INFO - api_client.py - 【接口响应】状态码: 200 | 响应体: {'code': 200, 'data': {'token': 'eyJhbGciOiJIUzI1NiIsInR5cCI6IkpXVCJ9.eyJ1c2VybmFtZSI6InRlc3RfZmxvd18yMDAzMSIsImV4cCI6MTc4MDU3MzI1NSwiaWF0IjoxNzc5OTY4NDU1fQ.LAq6gynI1Xu8nruq2razdmdUz3NlYXt_F0TWiBK6444', 'username': 'test_flow_20031'}, 'msg': '注册成功'}
2026-05-28 19:40:55,739 - INFO - api_client.py - 【接口请求】post | URL: http://127.0.0.1:5000/login
2026-05-28 19:40:55,739 - INFO - api_client.py - 【请求参数】params: None | data: None | json: {'username': 'test_flow_20031', 'password': '123456'}
2026-05-28 19:40:55,739 - INFO - api_client.py - 【请求头】headers: None
2026-05-28 19:40:55,759 - INFO - api_client.py - 【接口响应】状态码: 200 | 响应体: {'code': 200, 'data': {'token': 'eyJhbGciOiJIUzI1NiIsInR5cCI6IkpXVCJ9.eyJ1c2VybmFtZSI6InRlc3RfZmxvd18yMDAzMSIsImV4cCI6MTc4MDU3MzI1NSwiaWF0IjoxNzc5OTY4NDU1fQ.LAq6gynI1Xu8nruq2razdmdUz3NlYXt_F0TWiBK6444', 'user_id': 766, 'username': 'test_flow_20031'}, 'msg': '登录成功'}
2026-05-28 19:40:55,810 - INFO - api_client.py - 【接口请求】get | URL: http://127.0.0.1:5000/api/goods
2026-05-28 19:40:55,810 - INFO - api_client.py - 【请求参数】params: None | data: None | json: None
2026-05-28 19:40:55,810 - INFO - api_client.py - 【请求头】headers: {'sessionToken': 'eyJhbGciOiJIUzI1NiIsInR5cCI6IkpXVCJ9.eyJ1c2VybmFtZSI6InRlc3RfZmxvd18yMDAzMSIsImV4cCI6MTc4MDU3MzI1NSwiaWF0IjoxNzc5OTY4NDU1fQ.LAq6gynI1Xu8nruq2razdmdUz3NlYXt_F0TWiBK6444'}
2026-05-28 19:40:55,816 - INFO - api_client.py - 【接口响应】状态码: 200 | 响应体: {'code': 200, 'data': [{'create_time': 'Thu, 28 May 2026 18:51:35 GMT', 'id': 1, 'name': 'iPhone 15', 'price': '5999.00', 'stock': 100}, {'create_time': 'Thu, 28 May 2026 18:51:35 GMT', 'id': 2, 'name': 'MacBook Pro', 'price': '14999.00', 'stock': 50}, {'create_time': 'Thu, 28 May 2026 18:51:35 GMT', 'id': 3, 'name': 'AirPods Pro', 'price': '1899.00', 'stock': 200}], 'msg': '查询成功'}
2026-05-28 19:40:55,856 - INFO - api_client.py - 【接口请求】get | URL: http://127.0.0.1:5000/api/user/info
2026-05-28 19:40:55,857 - INFO - api_client.py - 【请求参数】params: None | data: None | json: None
2026-05-28 19:40:55,857 - INFO - api_client.py - 【请求头】headers: {'sessionToken': 'eyJhbGciOiJIUzI1NiIsInR5cCI6IkpXVCJ9.eyJ1c2VybmFtZSI6InRlc3RfZmxvd18yMDAzMSIsImV4cCI6MTc4MDU3MzI1NSwiaWF0IjoxNzc5OTY4NDU1fQ.LAq6gynI1Xu8nruq2razdmdUz3NlYXt_F0TWiBK6444'}
2026-05-28 19:40:55,884 - INFO - api_client.py - 【接口响应】状态码: 200 | 响应体: {'code': 200, 'data': {'create_time': 'Thu, 28 May 2026 19:40:55 GMT', 'id': 766, 'status': 1, 'username': 'test_flow_20031'}, 'msg': '查询成功'}
2026-05-28 19:40:55,916 - INFO - api_client.py - 【接口请求】post | URL: http://127.0.0.1:5000/api/logout
2026-05-28 19:40:55,916 - INFO - api_client.py - 【请求参数】params: None | data: None | json: None
2026-05-28 19:40:55,916 - INFO - api_client.py - 【请求头】headers: {'sessionToken': 'eyJhbGciOiJIUzI1NiIsInR5cCI6IkpXVCJ9.eyJ1c2VybmFtZSI6InRlc3RfZmxvd18yMDAzMSIsImV4cCI6MTc4MDU3MzI1NSwiaWF0IjoxNzc5OTY4NDU1fQ.LAq6gynI1Xu8nruq2razdmdUz3NlYXt_F0TWiBK6444'}
2026-05-28 19:40:55,920 - INFO - api_client.py - 【接口响应】状态码: 200 | 响应体: {'code': 200, 'msg': '退出成功'}
