2026-06-08 16:07:16,860 - INFO - api_client.py - 【接口请求】post | URL: http://127.0.0.1:5000/login
2026-06-08 16:07:16,861 - INFO - api_client.py - 【请求参数】params: None | data: None | json: {'username': 'test_0006', 'password': '123456'}
2026-06-08 16:07:16,861 - INFO - api_client.py - 【请求头】headers: None
2026-06-08 16:07:16,875 - INFO - api_client.py - 【接口响应】状态码: 200 | 响应体: {'code': 200, 'data': {'token': 'eyJhbGciOiJIUzI1NiIsInR5cCI6IkpXVCJ9.eyJ1c2VybmFtZSI6InRlc3RfMDAwNiIsImV4cCI6MTc4MTUxMDgzNiwiaWF0IjoxNzgwOTA2MDM2fQ.dvK8eiTxhXPuz9h-9KnoFM9jlot-SH22Y7JupCjdLHE', 'user_id': 1, 'username': 'test_0006'}, 'msg': '登录成功'}
2026-06-08 16:07:16,896 - INFO - api_client.py - 【接口请求】post | URL: http://127.0.0.1:5000/api/user/address/add
2026-06-08 16:07:16,896 - INFO - api_client.py - 【请求参数】params: None | data: None | json: {'address': '上海市浦东新区张江高科', 'contact': '林同学', 'phone': '13800138000'}
2026-06-08 16:07:16,896 - INFO - api_client.py - 【请求头】headers: {'sessionToken': 'eyJhbGciOiJIUzI1NiIsInR5cCI6IkpXVCJ9.eyJ1c2VybmFtZSI6InRlc3RfMDAwNiIsImV4cCI6MTc4MTUxMDgzNiwiaWF0IjoxNzgwOTA2MDM2fQ.dvK8eiTxhXPuz9h-9KnoFM9jlot-SH22Y7JupCjdLHE'}
2026-06-08 16:07:16,902 - ERROR - api_client.py - 【接口请求失败，准备重试】异常信息: Expecting value: line 1 column 1 (char 0)
Traceback (most recent call last):
  File "E:\soft\1Test\python\Lib\site-packages\requests\models.py", line 978, in json
    return complexjson.loads(self.text, **kwargs)
           ^^^^^^^^^^^^^^^^^^^^^^^^^^^^^^^^^^^^^^
  File "E:\soft\1Test\python\Lib\json\__init__.py", line 346, in loads
    return _default_decoder.decode(s)
           ^^^^^^^^^^^^^^^^^^^^^^^^^^
  File "E:\soft\1Test\python\Lib\json\decoder.py", line 337, in decode
    obj, end = self.raw_decode(s, idx=_w(s, 0).end())
               ^^^^^^^^^^^^^^^^^^^^^^^^^^^^^^^^^^^^^^
  File "E:\soft\1Test\python\Lib\json\decoder.py", line 355, in raw_decode
    raise JSONDecodeError("Expecting value", s, err.value) from None
json.decoder.JSONDecodeError: Expecting value: line 1 column 1 (char 0)

During handling of the above exception, another exception occurred:

Traceback (most recent call last):
  File "e:\soft\1Test\python_data\pythonbasic\aoipractice\core\api_client.py", line 97, in send
    logger.info(f"【接口响应】状态码: {self.resp.status_code} | 响应体: {self.resp.json()}")
                                                                         ^^^^^^^^^^^^^^^^
  File "E:\soft\1Test\python\Lib\site-packages\requests\models.py", line 982, in json
    raise RequestsJSONDecodeError(e.msg, e.doc, e.pos)
requests.exceptions.JSONDecodeError: Expecting value: line 1 column 1 (char 0)
2026-06-08 16:07:18,909 - INFO - api_client.py - 【接口请求】post | URL: http://127.0.0.1:5000/api/user/address/add
2026-06-08 16:07:18,909 - INFO - api_client.py - 【请求参数】params: None | data: None | json: {'address': '上海市浦东新区张江高科', 'contact': '林同学', 'phone': '13800138000'}
2026-06-08 16:07:18,909 - INFO - api_client.py - 【请求头】headers: {'sessionToken': 'eyJhbGciOiJIUzI1NiIsInR5cCI6IkpXVCJ9.eyJ1c2VybmFtZSI6InRlc3RfMDAwNiIsImV4cCI6MTc4MTUxMDgzNiwiaWF0IjoxNzgwOTA2MDM2fQ.dvK8eiTxhXPuz9h-9KnoFM9jlot-SH22Y7JupCjdLHE'}
2026-06-08 16:07:18,926 - ERROR - api_client.py - 【接口请求失败，准备重试】异常信息: Expecting value: line 1 column 1 (char 0)
Traceback (most recent call last):
  File "E:\soft\1Test\python\Lib\site-packages\requests\models.py", line 978, in json
    return complexjson.loads(self.text, **kwargs)
           ^^^^^^^^^^^^^^^^^^^^^^^^^^^^^^^^^^^^^^
  File "E:\soft\1Test\python\Lib\json\__init__.py", line 346, in loads
    return _default_decoder.decode(s)
           ^^^^^^^^^^^^^^^^^^^^^^^^^^
  File "E:\soft\1Test\python\Lib\json\decoder.py", line 337, in decode
    obj, end = self.raw_decode(s, idx=_w(s, 0).end())
               ^^^^^^^^^^^^^^^^^^^^^^^^^^^^^^^^^^^^^^
  File "E:\soft\1Test\python\Lib\json\decoder.py", line 355, in raw_decode
    raise JSONDecodeError("Expecting value", s, err.value) from None
json.decoder.JSONDecodeError: Expecting value: line 1 column 1 (char 0)

During handling of the above exception, another exception occurred:

Traceback (most recent call last):
  File "e:\soft\1Test\python_data\pythonbasic\aoipractice\core\api_client.py", line 97, in send
    logger.info(f"【接口响应】状态码: {self.resp.status_code} | 响应体: {self.resp.json()}")
                                                                         ^^^^^^^^^^^^^^^^
  File "E:\soft\1Test\python\Lib\site-packages\requests\models.py", line 982, in json
    raise RequestsJSONDecodeError(e.msg, e.doc, e.pos)
requests.exceptions.JSONDecodeError: Expecting value: line 1 column 1 (char 0)
2026-06-08 16:07:20,929 - INFO - api_client.py - 【接口请求】post | URL: http://127.0.0.1:5000/api/user/address/add
2026-06-08 16:07:20,929 - INFO - api_client.py - 【请求参数】params: None | data: None | json: {'address': '上海市浦东新区张江高科', 'contact': '林同学', 'phone': '13800138000'}
2026-06-08 16:07:20,929 - INFO - api_client.py - 【请求头】headers: {'sessionToken': 'eyJhbGciOiJIUzI1NiIsInR5cCI6IkpXVCJ9.eyJ1c2VybmFtZSI6InRlc3RfMDAwNiIsImV4cCI6MTc4MTUxMDgzNiwiaWF0IjoxNzgwOTA2MDM2fQ.dvK8eiTxhXPuz9h-9KnoFM9jlot-SH22Y7JupCjdLHE'}
2026-06-08 16:07:20,935 - ERROR - api_client.py - 【接口请求失败，准备重试】异常信息: Expecting value: line 1 column 1 (char 0)
Traceback (most recent call last):
  File "E:\soft\1Test\python\Lib\site-packages\requests\models.py", line 978, in json
    return complexjson.loads(self.text, **kwargs)
           ^^^^^^^^^^^^^^^^^^^^^^^^^^^^^^^^^^^^^^
  File "E:\soft\1Test\python\Lib\json\__init__.py", line 346, in loads
    return _default_decoder.decode(s)
           ^^^^^^^^^^^^^^^^^^^^^^^^^^
  File "E:\soft\1Test\python\Lib\json\decoder.py", line 337, in decode
    obj, end = self.raw_decode(s, idx=_w(s, 0).end())
               ^^^^^^^^^^^^^^^^^^^^^^^^^^^^^^^^^^^^^^
  File "E:\soft\1Test\python\Lib\json\decoder.py", line 355, in raw_decode
    raise JSONDecodeError("Expecting value", s, err.value) from None
json.decoder.JSONDecodeError: Expecting value: line 1 column 1 (char 0)

During handling of the above exception, another exception occurred:

Traceback (most recent call last):
  File "e:\soft\1Test\python_data\pythonbasic\aoipractice\core\api_client.py", line 97, in send
    logger.info(f"【接口响应】状态码: {self.resp.status_code} | 响应体: {self.resp.json()}")
                                                                         ^^^^^^^^^^^^^^^^
  File "E:\soft\1Test\python\Lib\site-packages\requests\models.py", line 982, in json
    raise RequestsJSONDecodeError(e.msg, e.doc, e.pos)
requests.exceptions.JSONDecodeError: Expecting value: line 1 column 1 (char 0)
2026-06-08 16:07:21,226 - INFO - api_client.py - 【接口请求】post | URL: http://127.0.0.1:5000/api/user/address/add
2026-06-08 16:07:21,226 - INFO - api_client.py - 【请求参数】params: None | data: None | json: {'address': '北京市朝阳区', 'contact': '王小二', 'phone': '123'}
2026-06-08 16:07:21,226 - INFO - api_client.py - 【请求头】headers: {'sessionToken': 'eyJhbGciOiJIUzI1NiIsInR5cCI6IkpXVCJ9.eyJ1c2VybmFtZSI6InRlc3RfMDAwNiIsImV4cCI6MTc4MTUxMDgzNiwiaWF0IjoxNzgwOTA2MDM2fQ.dvK8eiTxhXPuz9h-9KnoFM9jlot-SH22Y7JupCjdLHE'}
2026-06-08 16:07:21,232 - ERROR - api_client.py - 【接口请求失败，准备重试】异常信息: Expecting value: line 1 column 1 (char 0)
Traceback (most recent call last):
  File "E:\soft\1Test\python\Lib\site-packages\requests\models.py", line 978, in json
    return complexjson.loads(self.text, **kwargs)
           ^^^^^^^^^^^^^^^^^^^^^^^^^^^^^^^^^^^^^^
  File "E:\soft\1Test\python\Lib\json\__init__.py", line 346, in loads
    return _default_decoder.decode(s)
           ^^^^^^^^^^^^^^^^^^^^^^^^^^
  File "E:\soft\1Test\python\Lib\json\decoder.py", line 337, in decode
    obj, end = self.raw_decode(s, idx=_w(s, 0).end())
               ^^^^^^^^^^^^^^^^^^^^^^^^^^^^^^^^^^^^^^
  File "E:\soft\1Test\python\Lib\json\decoder.py", line 355, in raw_decode
    raise JSONDecodeError("Expecting value", s, err.value) from None
json.decoder.JSONDecodeError: Expecting value: line 1 column 1 (char 0)

During handling of the above exception, another exception occurred:

Traceback (most recent call last):
  File "e:\soft\1Test\python_data\pythonbasic\aoipractice\core\api_client.py", line 97, in send
    logger.info(f"【接口响应】状态码: {self.resp.status_code} | 响应体: {self.resp.json()}")
                                                                         ^^^^^^^^^^^^^^^^
  File "E:\soft\1Test\python\Lib\site-packages\requests\models.py", line 982, in json
    raise RequestsJSONDecodeError(e.msg, e.doc, e.pos)
requests.exceptions.JSONDecodeError: Expecting value: line 1 column 1 (char 0)
2026-06-08 16:07:23,235 - INFO - api_client.py - 【接口请求】post | URL: http://127.0.0.1:5000/api/user/address/add
2026-06-08 16:07:23,235 - INFO - api_client.py - 【请求参数】params: None | data: None | json: {'address': '北京市朝阳区', 'contact': '王小二', 'phone': '123'}
2026-06-08 16:07:23,236 - INFO - api_client.py - 【请求头】headers: {'sessionToken': 'eyJhbGciOiJIUzI1NiIsInR5cCI6IkpXVCJ9.eyJ1c2VybmFtZSI6InRlc3RfMDAwNiIsImV4cCI6MTc4MTUxMDgzNiwiaWF0IjoxNzgwOTA2MDM2fQ.dvK8eiTxhXPuz9h-9KnoFM9jlot-SH22Y7JupCjdLHE'}
2026-06-08 16:07:23,241 - ERROR - api_client.py - 【接口请求失败，准备重试】异常信息: Expecting value: line 1 column 1 (char 0)
Traceback (most recent call last):
  File "E:\soft\1Test\python\Lib\site-packages\requests\models.py", line 978, in json
    return complexjson.loads(self.text, **kwargs)
           ^^^^^^^^^^^^^^^^^^^^^^^^^^^^^^^^^^^^^^
  File "E:\soft\1Test\python\Lib\json\__init__.py", line 346, in loads
    return _default_decoder.decode(s)
           ^^^^^^^^^^^^^^^^^^^^^^^^^^
  File "E:\soft\1Test\python\Lib\json\decoder.py", line 337, in decode
    obj, end = self.raw_decode(s, idx=_w(s, 0).end())
               ^^^^^^^^^^^^^^^^^^^^^^^^^^^^^^^^^^^^^^
  File "E:\soft\1Test\python\Lib\json\decoder.py", line 355, in raw_decode
    raise JSONDecodeError("Expecting value", s, err.value) from None
json.decoder.JSONDecodeError: Expecting value: line 1 column 1 (char 0)

During handling of the above exception, another exception occurred:

Traceback (most recent call last):
  File "e:\soft\1Test\python_data\pythonbasic\aoipractice\core\api_client.py", line 97, in send
    logger.info(f"【接口响应】状态码: {self.resp.status_code} | 响应体: {self.resp.json()}")
                                                                         ^^^^^^^^^^^^^^^^
  File "E:\soft\1Test\python\Lib\site-packages\requests\models.py", line 982, in json
    raise RequestsJSONDecodeError(e.msg, e.doc, e.pos)
requests.exceptions.JSONDecodeError: Expecting value: line 1 column 1 (char 0)
2026-06-08 16:07:25,245 - INFO - api_client.py - 【接口请求】post | URL: http://127.0.0.1:5000/api/user/address/add
2026-06-08 16:07:25,245 - INFO - api_client.py - 【请求参数】params: None | data: None | json: {'address': '北京市朝阳区', 'contact': '王小二', 'phone': '123'}
2026-06-08 16:07:25,245 - INFO - api_client.py - 【请求头】headers: {'sessionToken': 'eyJhbGciOiJIUzI1NiIsInR5cCI6IkpXVCJ9.eyJ1c2VybmFtZSI6InRlc3RfMDAwNiIsImV4cCI6MTc4MTUxMDgzNiwiaWF0IjoxNzgwOTA2MDM2fQ.dvK8eiTxhXPuz9h-9KnoFM9jlot-SH22Y7JupCjdLHE'}
2026-06-08 16:07:25,267 - ERROR - api_client.py - 【接口请求失败，准备重试】异常信息: Expecting value: line 1 column 1 (char 0)
Traceback (most recent call last):
  File "E:\soft\1Test\python\Lib\site-packages\requests\models.py", line 978, in json
    return complexjson.loads(self.text, **kwargs)
           ^^^^^^^^^^^^^^^^^^^^^^^^^^^^^^^^^^^^^^
  File "E:\soft\1Test\python\Lib\json\__init__.py", line 346, in loads
    return _default_decoder.decode(s)
           ^^^^^^^^^^^^^^^^^^^^^^^^^^
  File "E:\soft\1Test\python\Lib\json\decoder.py", line 337, in decode
    obj, end = self.raw_decode(s, idx=_w(s, 0).end())
               ^^^^^^^^^^^^^^^^^^^^^^^^^^^^^^^^^^^^^^
  File "E:\soft\1Test\python\Lib\json\decoder.py", line 355, in raw_decode
    raise JSONDecodeError("Expecting value", s, err.value) from None
json.decoder.JSONDecodeError: Expecting value: line 1 column 1 (char 0)

During handling of the above exception, another exception occurred:

Traceback (most recent call last):
  File "e:\soft\1Test\python_data\pythonbasic\aoipractice\core\api_client.py", line 97, in send
    logger.info(f"【接口响应】状态码: {self.resp.status_code} | 响应体: {self.resp.json()}")
                                                                         ^^^^^^^^^^^^^^^^
  File "E:\soft\1Test\python\Lib\site-packages\requests\models.py", line 982, in json
    raise RequestsJSONDecodeError(e.msg, e.doc, e.pos)
requests.exceptions.JSONDecodeError: Expecting value: line 1 column 1 (char 0)
2026-06-08 16:07:25,365 - INFO - api_client.py - 【接口请求】post | URL: http://127.0.0.1:5000/login
2026-06-08 16:07:25,365 - INFO - api_client.py - 【请求参数】params: None | data: None | json: {'username': 'test_0006', 'password': '123456'}
2026-06-08 16:07:25,366 - INFO - api_client.py - 【请求头】headers: {'sessionToken': 'eyJhbGciOiJIUzI1NiIsInR5cCI6IkpXVCJ9.eyJ1c2VybmFtZSI6InRlc3RfMDAwNiIsImV4cCI6MTc4MTUxMDgzNiwiaWF0IjoxNzgwOTA2MDM2fQ.dvK8eiTxhXPuz9h-9KnoFM9jlot-SH22Y7JupCjdLHE'}
2026-06-08 16:07:25,374 - INFO - api_client.py - 【接口响应】状态码: 200 | 响应体: {'code': 200, 'data': {'token': 'eyJhbGciOiJIUzI1NiIsInR5cCI6IkpXVCJ9.eyJ1c2VybmFtZSI6InRlc3RfMDAwNiIsImV4cCI6MTc4MTUxMDg0NSwiaWF0IjoxNzgwOTA2MDQ1fQ.WZVvwAcW9ll7CVqW8a6JPg6r0qM76UecXkHbxFoodr0', 'user_id': 1, 'username': 'test_0006'}, 'msg': '登录成功'}
2026-06-08 16:07:25,444 - INFO - api_client.py - 【接口请求】post | URL: http://127.0.0.1:5000/login
2026-06-08 16:07:25,444 - INFO - api_client.py - 【请求参数】params: None | data: None | json: {'username': 'test_0007', 'password': '123456'}
2026-06-08 16:07:25,444 - INFO - api_client.py - 【请求头】headers: {}
2026-06-08 16:07:25,487 - INFO - api_client.py - 【接口响应】状态码: 200 | 响应体: {'code': 200, 'data': {'token': 'eyJhbGciOiJIUzI1NiIsInR5cCI6IkpXVCJ9.eyJ1c2VybmFtZSI6InRlc3RfMDAwNyIsImV4cCI6MTc4MTUxMDg0NSwiaWF0IjoxNzgwOTA2MDQ1fQ.Wfo5HQXfHgOuCR4opkXBYg8eQ6kzAu41N4ju5ubylv8', 'user_id': 2, 'username': 'test_0007'}, 'msg': '登录成功'}
2026-06-08 16:07:25,537 - INFO - api_client.py - 【接口请求】post | URL: http://127.0.0.1:5000/login
2026-06-08 16:07:25,537 - INFO - api_client.py - 【请求参数】params: None | data: None | json: {'username': 'test_0008', 'password': '123456'}
2026-06-08 16:07:25,537 - INFO - api_client.py - 【请求头】headers: {}
2026-06-08 16:07:25,580 - INFO - api_client.py - 【接口响应】状态码: 200 | 响应体: {'code': 200, 'data': {'token': 'eyJhbGciOiJIUzI1NiIsInR5cCI6IkpXVCJ9.eyJ1c2VybmFtZSI6InRlc3RfMDAwOCIsImV4cCI6MTc4MTUxMDg0NSwiaWF0IjoxNzgwOTA2MDQ1fQ.-6L80DeYL9IVuha_5xG5KH21RBDMge2L2xatvmRodtE', 'user_id': 3, 'username': 'test_0008'}, 'msg': '登录成功'}
2026-06-08 16:07:25,630 - INFO - api_client.py - 【接口请求】post | URL: http://127.0.0.1:5000/login
2026-06-08 16:07:25,631 - INFO - api_client.py - 【请求参数】params: None | data: None | json: {'username': 'test_0006', 'password': 'wrong_password'}
2026-06-08 16:07:25,631 - INFO - api_client.py - 【请求头】headers: {'sessionToken': 'eyJhbGciOiJIUzI1NiIsInR5cCI6IkpXVCJ9.eyJ1c2VybmFtZSI6InRlc3RfMDAwNiIsImV4cCI6MTc4MTUxMDg0NSwiaWF0IjoxNzgwOTA2MDQ1fQ.WZVvwAcW9ll7CVqW8a6JPg6r0qM76UecXkHbxFoodr0'}
2026-06-08 16:07:25,640 - INFO - api_client.py - 【接口响应】状态码: 200 | 响应体: {'code': 401, 'error': '用户名或密码错误，或用户已被禁用'}
2026-06-08 16:07:25,664 - INFO - api_client.py - 【接口请求】post | URL: http://127.0.0.1:5000/login
2026-06-08 16:07:25,664 - INFO - api_client.py - 【请求参数】params: None | data: None | json: {'username': 'not_exist_user', 'password': '123456'}
2026-06-08 16:07:25,664 - INFO - api_client.py - 【请求头】headers: {}
2026-06-08 16:07:25,673 - INFO - api_client.py - 【接口响应】状态码: 200 | 响应体: {'code': 401, 'error': '用户名或密码错误，或用户已被禁用'}
2026-06-08 16:07:25,695 - INFO - api_client.py - 【接口请求】post | URL: http://127.0.0.1:5000/login
2026-06-08 16:07:25,695 - INFO - api_client.py - 【请求参数】params: None | data: None | json: {'username': 'test_0006', 'password': '123456'}
2026-06-08 16:07:25,696 - INFO - api_client.py - 【请求头】headers: {}
2026-06-08 16:07:25,703 - INFO - api_client.py - 【接口响应】状态码: 200 | 响应体: {'code': 200, 'data': {'token': 'eyJhbGciOiJIUzI1NiIsInR5cCI6IkpXVCJ9.eyJ1c2VybmFtZSI6InRlc3RfMDAwNiIsImV4cCI6MTc4MTUxMDg0NSwiaWF0IjoxNzgwOTA2MDQ1fQ.WZVvwAcW9ll7CVqW8a6JPg6r0qM76UecXkHbxFoodr0', 'user_id': 1, 'username': 'test_0006'}, 'msg': '登录成功'}
2026-06-08 16:07:25,720 - INFO - api_client.py - 【接口请求】get | URL: http://127.0.0.1:5000/api/goods
2026-06-08 16:07:25,721 - INFO - api_client.py - 【请求参数】params: None | data: None | json: None
2026-06-08 16:07:25,721 - INFO - api_client.py - 【请求头】headers: {'sessionToken': 'eyJhbGciOiJIUzI1NiIsInR5cCI6IkpXVCJ9.eyJ1c2VybmFtZSI6InRlc3RfMDAwNiIsImV4cCI6MTc4MTUxMDg0NSwiaWF0IjoxNzgwOTA2MDQ1fQ.WZVvwAcW9ll7CVqW8a6JPg6r0qM76UecXkHbxFoodr0'}
2026-06-08 16:07:25,765 - INFO - api_client.py - 【接口响应】状态码: 200 | 响应体: {'code': 200, 'data': [{'create_time': 'Thu, 28 May 2026 18:51:35 GMT', 'id': 1, 'name': 'iPhone 15', 'price': '5999.00', 'stock': 100}, {'create_time': 'Thu, 28 May 2026 18:51:35 GMT', 'id': 2, 'name': 'MacBook Pro', 'price': '14999.00', 'stock': 50}, {'create_time': 'Thu, 28 May 2026 18:51:35 GMT', 'id': 3, 'name': 'AirPods Pro', 'price': '1899.00', 'stock': 200}], 'msg': '查询成功'}
2026-06-08 16:07:25,775 - INFO - api_client.py - 【接口请求】post | URL: http://127.0.0.1:5000/api/order/create
2026-06-08 16:07:25,776 - INFO - api_client.py - 【请求参数】params: None | data: None | json: {'goods_id': 1, 'num': 2}
2026-06-08 16:07:25,776 - INFO - api_client.py - 【请求头】headers: {'sessionToken': 'eyJhbGciOiJIUzI1NiIsInR5cCI6IkpXVCJ9.eyJ1c2VybmFtZSI6InRlc3RfMDAwNiIsImV4cCI6MTc4MTUxMDg0NSwiaWF0IjoxNzgwOTA2MDQ1fQ.WZVvwAcW9ll7CVqW8a6JPg6r0qM76UecXkHbxFoodr0'}
2026-06-08 16:07:25,782 - INFO - api_client.py - 【接口响应】状态码: 200 | 响应体: {'code': 200, 'data': {'order_id': 'ORD20260608160725778958'}, 'msg': '订单创建成功'}
2026-06-08 16:07:25,800 - INFO - api_client.py - 【接口请求】post | URL: http://127.0.0.1:5000/api/order/pay
2026-06-08 16:07:25,800 - INFO - api_client.py - 【请求参数】params: None | data: None | json: {'order_id': 'ORD20260608160725778958'}
2026-06-08 16:07:25,801 - INFO - api_client.py - 【请求头】headers: {'sessionToken': 'eyJhbGciOiJIUzI1NiIsInR5cCI6IkpXVCJ9.eyJ1c2VybmFtZSI6InRlc3RfMDAwNiIsImV4cCI6MTc4MTUxMDg0NSwiaWF0IjoxNzgwOTA2MDQ1fQ.WZVvwAcW9ll7CVqW8a6JPg6r0qM76UecXkHbxFoodr0'}
2026-06-08 16:07:25,806 - INFO - api_client.py - 【接口响应】状态码: 200 | 响应体: {'code': 200, 'data': {'order_id': 'ORD20260608160725778958', 'status': 'paid'}, 'msg': '支付成功'}
2026-06-08 16:07:25,828 - INFO - api_client.py - 【接口请求】get | URL: http://127.0.0.1:5000/api/order/status/ORD20260608160725778958
2026-06-08 16:07:25,828 - INFO - api_client.py - 【请求参数】params: None | data: None | json: {'order_id': 'ORD20260608160725778958'}
2026-06-08 16:07:25,828 - INFO - api_client.py - 【请求头】headers: {'sessionToken': 'eyJhbGciOiJIUzI1NiIsInR5cCI6IkpXVCJ9.eyJ1c2VybmFtZSI6InRlc3RfMDAwNiIsImV4cCI6MTc4MTUxMDg0NSwiaWF0IjoxNzgwOTA2MDQ1fQ.WZVvwAcW9ll7CVqW8a6JPg6r0qM76UecXkHbxFoodr0'}
2026-06-08 16:07:25,835 - INFO - api_client.py - 【接口响应】状态码: 200 | 响应体: {'code': 200, 'data': {'goods_id': 1, 'num': 2, 'order_id': 'ORD20260608160725778958', 'status': 'paid', 'username': 'test_0006'}, 'msg': '查询成功'}
2026-06-08 16:07:25,875 - INFO - api_client.py - 【接口请求】get | URL: http://127.0.0.1:5000/api/goods
2026-06-08 16:07:25,875 - INFO - api_client.py - 【请求参数】params: None | data: None | json: None
2026-06-08 16:07:25,876 - INFO - api_client.py - 【请求头】headers: {'sessionToken': 'eyJhbGciOiJIUzI1NiIsInR5cCI6IkpXVCJ9.eyJ1c2VybmFtZSI6InRlc3RfMDAwNiIsImV4cCI6MTc4MTUxMDgzNiwiaWF0IjoxNzgwOTA2MDM2fQ.dvK8eiTxhXPuz9h-9KnoFM9jlot-SH22Y7JupCjdLHE'}
2026-06-08 16:07:25,906 - INFO - api_client.py - 【接口响应】状态码: 200 | 响应体: {'code': 200, 'data': [{'create_time': 'Thu, 28 May 2026 18:51:35 GMT', 'id': 1, 'name': 'iPhone 15', 'price': '5999.00', 'stock': 100}, {'create_time': 'Thu, 28 May 2026 18:51:35 GMT', 'id': 2, 'name': 'MacBook Pro', 'price': '14999.00', 'stock': 50}, {'create_time': 'Thu, 28 May 2026 18:51:35 GMT', 'id': 3, 'name': 'AirPods Pro', 'price': '1899.00', 'stock': 200}], 'msg': '查询成功'}
2026-06-08 16:07:25,911 - INFO - api_client.py - 【接口请求】post | URL: http://127.0.0.1:5000/register
2026-06-08 16:07:25,911 - INFO - api_client.py - 【请求参数】params: None | data: None | json: {'username': 'test_reg_001', 'password': 'password123'}
2026-06-08 16:07:25,912 - INFO - api_client.py - 【请求头】headers: None
2026-06-08 16:07:25,919 - INFO - api_client.py - 【接口响应】状态码: 200 | 响应体: {'code': 200, 'data': {'token': 'eyJhbGciOiJIUzI1NiIsInR5cCI6IkpXVCJ9.eyJ1c2VybmFtZSI6InRlc3RfcmVnXzAwMSIsImV4cCI6MTc4MTUxMDg0NSwiaWF0IjoxNzgwOTA2MDQ1fQ.5pUYNoLzJzZ4tnfyV5JvweeDDU2qQ5Ia9rv5r-5DXOs', 'username': 'test_reg_001'}, 'msg': '注册成功'}
2026-06-08 16:07:25,962 - INFO - api_client.py - 【接口请求】post | URL: http://127.0.0.1:5000/register
2026-06-08 16:07:25,963 - INFO - api_client.py - 【请求参数】params: None | data: None | json: {'username': 'test_reg_002', 'password': 'password123'}
2026-06-08 16:07:25,963 - INFO - api_client.py - 【请求头】headers: None
2026-06-08 16:07:25,971 - INFO - api_client.py - 【接口响应】状态码: 200 | 响应体: {'code': 200, 'data': {'token': 'eyJhbGciOiJIUzI1NiIsInR5cCI6IkpXVCJ9.eyJ1c2VybmFtZSI6InRlc3RfcmVnXzAwMiIsImV4cCI6MTc4MTUxMDg0NSwiaWF0IjoxNzgwOTA2MDQ1fQ.7MomKB_hfVZYMfWMngIPIDhrJmAhYwHy0j5LBw3-Uqc', 'username': 'test_reg_002'}, 'msg': '注册成功'}
2026-06-08 16:07:26,014 - INFO - api_client.py - 【接口请求】post | URL: http://127.0.0.1:5000/register
2026-06-08 16:07:26,014 - INFO - api_client.py - 【请求参数】params: None | data: None | json: {'username': '', 'password': 'password123'}
2026-06-08 16:07:26,015 - INFO - api_client.py - 【请求头】headers: None
2026-06-08 16:07:26,020 - INFO - api_client.py - 【接口响应】状态码: 200 | 响应体: {'code': 400, 'error': '用户名和密码不能为空'}
2026-06-08 16:07:26,042 - INFO - api_client.py - 【接口请求】post | URL: http://127.0.0.1:5000/register
2026-06-08 16:07:26,043 - INFO - api_client.py - 【请求参数】params: None | data: None | json: {'username': 'test_reg_003', 'password': ''}
2026-06-08 16:07:26,043 - INFO - api_client.py - 【请求头】headers: None
2026-06-08 16:07:26,047 - INFO - api_client.py - 【接口响应】状态码: 200 | 响应体: {'code': 400, 'error': '用户名和密码不能为空'}
2026-06-08 16:07:26,071 - INFO - api_client.py - 【接口请求】get | URL: http://127.0.0.1:5000/api/goods
2026-06-08 16:07:26,071 - INFO - api_client.py - 【请求参数】params: None | data: None | json: None
2026-06-08 16:07:26,071 - INFO - api_client.py - 【请求头】headers: {'sessionToken': 'eyJhbGciOiJIUzI1NiIsInR5cCI6IkpXVCJ9.eyJ1c2VybmFtZSI6InRlc3RfMDAwNiIsImV4cCI6MTc4MTUxMDgzNiwiaWF0IjoxNzgwOTA2MDM2fQ.dvK8eiTxhXPuz9h-9KnoFM9jlot-SH22Y7JupCjdLHE'}
2026-06-08 16:07:26,080 - INFO - api_client.py - 【接口响应】状态码: 200 | 响应体: {'code': 200, 'data': [{'create_time': 'Thu, 28 May 2026 18:51:35 GMT', 'id': 1, 'name': 'iPhone 15', 'price': '5999.00', 'stock': 100}, {'create_time': 'Thu, 28 May 2026 18:51:35 GMT', 'id': 2, 'name': 'MacBook Pro', 'price': '14999.00', 'stock': 50}, {'create_time': 'Thu, 28 May 2026 18:51:35 GMT', 'id': 3, 'name': 'AirPods Pro', 'price': '1899.00', 'stock': 200}], 'msg': '查询成功'}
2026-06-08 16:07:26,081 - INFO - api_client.py - 【接口请求】post | URL: http://127.0.0.1:5000/api/order/create
2026-06-08 16:07:26,081 - INFO - api_client.py - 【请求参数】params: None | data: None | json: {'goods_id': 1, 'num': 1}
2026-06-08 16:07:26,082 - INFO - api_client.py - 【请求头】headers: {'sessionToken': 'eyJhbGciOiJIUzI1NiIsInR5cCI6IkpXVCJ9.eyJ1c2VybmFtZSI6InRlc3RfMDAwNiIsImV4cCI6MTc4MTUxMDgzNiwiaWF0IjoxNzgwOTA2MDM2fQ.dvK8eiTxhXPuz9h-9KnoFM9jlot-SH22Y7JupCjdLHE'}
2026-06-08 16:07:26,087 - INFO - api_client.py - 【接口响应】状态码: 200 | 响应体: {'code': 200, 'data': {'order_id': 'ORD20260608160726084435'}, 'msg': '订单创建成功'}
2026-06-08 16:07:26,113 - INFO - api_client.py - 【接口请求】post | URL: http://127.0.0.1:5000/register
2026-06-08 16:07:26,113 - INFO - api_client.py - 【请求参数】params: None | data: None | json: {'username': 'test_flow_82429', 'password': '123456'}
2026-06-08 16:07:26,113 - INFO - api_client.py - 【请求头】headers: None
2026-06-08 16:07:26,141 - INFO - api_client.py - 【接口响应】状态码: 200 | 响应体: {'code': 200, 'data': {'token': 'eyJhbGciOiJIUzI1NiIsInR5cCI6IkpXVCJ9.eyJ1c2VybmFtZSI6InRlc3RfZmxvd184MjQyOSIsImV4cCI6MTc4MTUxMDg0NiwiaWF0IjoxNzgwOTA2MDQ2fQ.z-2ygL0ySqWdq7i2iSBJPEdolgH9JyZoNnuqaV71T7I', 'username': 'test_flow_82429'}, 'msg': '注册成功'}
2026-06-08 16:07:26,180 - INFO - api_client.py - 【接口请求】post | URL: http://127.0.0.1:5000/login
2026-06-08 16:07:26,181 - INFO - api_client.py - 【请求参数】params: None | data: None | json: {'username': 'test_flow_82429', 'password': '123456'}
2026-06-08 16:07:26,181 - INFO - api_client.py - 【请求头】headers: {}
2026-06-08 16:07:26,201 - INFO - api_client.py - 【接口响应】状态码: 200 | 响应体: {'code': 200, 'data': {'token': 'eyJhbGciOiJIUzI1NiIsInR5cCI6IkpXVCJ9.eyJ1c2VybmFtZSI6InRlc3RfZmxvd184MjQyOSIsImV4cCI6MTc4MTUxMDg0NiwiaWF0IjoxNzgwOTA2MDQ2fQ.z-2ygL0ySqWdq7i2iSBJPEdolgH9JyZoNnuqaV71T7I', 'user_id': 881, 'username': 'test_flow_82429'}, 'msg': '登录成功'}
2026-06-08 16:07:26,239 - INFO - api_client.py - 【接口请求】get | URL: http://127.0.0.1:5000/api/goods
2026-06-08 16:07:26,239 - INFO - api_client.py - 【请求参数】params: None | data: None | json: None
2026-06-08 16:07:26,239 - INFO - api_client.py - 【请求头】headers: {'sessionToken': 'eyJhbGciOiJIUzI1NiIsInR5cCI6IkpXVCJ9.eyJ1c2VybmFtZSI6InRlc3RfZmxvd184MjQyOSIsImV4cCI6MTc4MTUxMDg0NiwiaWF0IjoxNzgwOTA2MDQ2fQ.z-2ygL0ySqWdq7i2iSBJPEdolgH9JyZoNnuqaV71T7I'}
2026-06-08 16:07:26,263 - INFO - api_client.py - 【接口响应】状态码: 200 | 响应体: {'code': 200, 'data': [{'create_time': 'Thu, 28 May 2026 18:51:35 GMT', 'id': 1, 'name': 'iPhone 15', 'price': '5999.00', 'stock': 100}, {'create_time': 'Thu, 28 May 2026 18:51:35 GMT', 'id': 2, 'name': 'MacBook Pro', 'price': '14999.00', 'stock': 50}, {'create_time': 'Thu, 28 May 2026 18:51:35 GMT', 'id': 3, 'name': 'AirPods Pro', 'price': '1899.00', 'stock': 200}], 'msg': '查询成功'}
2026-06-08 16:07:26,291 - INFO - api_client.py - 【接口请求】get | URL: http://127.0.0.1:5000/api/user/info
2026-06-08 16:07:26,293 - INFO - api_client.py - 【请求参数】params: None | data: None | json: {'username': 'test_flow_82429', 'password': '123456'}
2026-06-08 16:07:26,293 - INFO - api_client.py - 【请求头】headers: {'sessionToken': 'eyJhbGciOiJIUzI1NiIsInR5cCI6IkpXVCJ9.eyJ1c2VybmFtZSI6InRlc3RfZmxvd184MjQyOSIsImV4cCI6MTc4MTUxMDg0NiwiaWF0IjoxNzgwOTA2MDQ2fQ.z-2ygL0ySqWdq7i2iSBJPEdolgH9JyZoNnuqaV71T7I'}
2026-06-08 16:07:26,300 - INFO - api_client.py - 【接口响应】状态码: 200 | 响应体: {'code': 200, 'data': {'create_time': 'Mon, 08 Jun 2026 16:07:26 GMT', 'id': 881, 'status': 1, 'username': 'test_flow_82429'}, 'msg': '查询成功'}
2026-06-08 16:07:26,319 - INFO - api_client.py - 【接口请求】post | URL: http://127.0.0.1:5000/api/logout
2026-06-08 16:07:26,320 - INFO - api_client.py - 【请求参数】params: None | data: None | json: {'username': 'test_flow_82429', 'password': '123456'}
2026-06-08 16:07:26,320 - INFO - api_client.py - 【请求头】headers: {'sessionToken': 'eyJhbGciOiJIUzI1NiIsInR5cCI6IkpXVCJ9.eyJ1c2VybmFtZSI6InRlc3RfZmxvd184MjQyOSIsImV4cCI6MTc4MTUxMDg0NiwiaWF0IjoxNzgwOTA2MDQ2fQ.z-2ygL0ySqWdq7i2iSBJPEdolgH9JyZoNnuqaV71T7I'}
2026-06-08 16:07:26,326 - INFO - api_client.py - 【接口响应】状态码: 200 | 响应体: {'code': 200, 'msg': '退出成功'}
